// Jest Snapshot v1, https://goo.gl/fbAQLP

exports[`semver - should those tests break, consider releasing a new major version of the package has stable config rules 1`] = `
Object {
  "env": Object {
    "browser": true,
    "commonjs": true,
    "es6": true,
    "jest": true,
    "node": true,
  },
  "extends": Array [
    "eslint-config-airbnb-base/rules/best-practices.js",
    "eslint-config-airbnb-base/rules/errors.js",
    "eslint-config-airbnb-base/rules/node.js",
    "eslint-config-airbnb-base/rules/style.js",
    "eslint-config-airbnb-base/rules/variables.js",
    "eslint-config-airbnb-base/rules/es6.js",
    "eslint-config-airbnb-base/rules/imports.js",
    "eslint-config-airbnb-base/index.js",
    "eslint-config-airbnb-base/rules/strict.js",
    "eslint-config-airbnb/rules/react.js",
    "eslint-config-airbnb/rules/react-a11y.js",
    "airbnb",
    "prettier",
    "prettier/react",
  ],
  "globals": Object {
    "AbortController": false,
    "AbortSignal": false,
    "AnalyserNode": false,
    "Animation": false,
    "AnimationEffectReadOnly": false,
    "AnimationEffectTiming": false,
    "AnimationEffectTimingReadOnly": false,
    "AnimationEvent": false,
    "AnimationPlaybackEvent": false,
    "AnimationTimeline": false,
    "ApplicationCache": false,
    "ApplicationCacheErrorEvent": false,
    "Array": false,
    "ArrayBuffer": false,
    "Attr": false,
    "Audio": false,
    "AudioBuffer": false,
    "AudioBufferSourceNode": false,
    "AudioContext": false,
    "AudioDestinationNode": false,
    "AudioListener": false,
    "AudioNode": false,
    "AudioParam": false,
    "AudioProcessingEvent": false,
    "AudioScheduledSourceNode": false,
    "AudioWorkletGlobalScope ": false,
    "AudioWorkletNode": false,
    "AudioWorkletProcessor": false,
    "BarProp": false,
    "BaseAudioContext": false,
    "BatteryManager": false,
    "BeforeUnloadEvent": false,
    "BiquadFilterNode": false,
    "Blob": false,
    "BlobEvent": false,
    "Boolean": false,
    "BroadcastChannel": false,
    "BudgetService": false,
    "Buffer": false,
    "ByteLengthQueuingStrategy": false,
    "CSS": false,
    "CSSConditionRule": false,
    "CSSFontFaceRule": false,
    "CSSGroupingRule": false,
    "CSSImportRule": false,
    "CSSKeyframeRule": false,
    "CSSKeyframesRule": false,
    "CSSMediaRule": false,
    "CSSNamespaceRule": false,
    "CSSPageRule": false,
    "CSSRule": false,
    "CSSRuleList": false,
    "CSSStyleDeclaration": false,
    "CSSStyleRule": false,
    "CSSStyleSheet": false,
    "CSSSupportsRule": false,
    "Cache": false,
    "CacheStorage": false,
    "CanvasCaptureMediaStreamTrack": false,
    "CanvasGradient": false,
    "CanvasPattern": false,
    "CanvasRenderingContext2D": false,
    "ChannelMergerNode": false,
    "ChannelSplitterNode": false,
    "CharacterData": false,
    "ClipboardEvent": false,
    "CloseEvent": false,
    "Comment": false,
    "CompositionEvent": false,
    "ConstantSourceNode": false,
    "ConvolverNode": false,
    "CountQueuingStrategy": false,
    "Credential": false,
    "CredentialsContainer": false,
    "Crypto": false,
    "CryptoKey": false,
    "CustomElementRegistry": false,
    "CustomEvent": false,
    "DOMError": false,
    "DOMException": false,
    "DOMImplementation": false,
    "DOMMatrix": false,
    "DOMMatrixReadOnly": false,
    "DOMParser": false,
    "DOMPoint": false,
    "DOMPointReadOnly": false,
    "DOMQuad": false,
    "DOMRect": false,
    "DOMRectReadOnly": false,
    "DOMStringList": false,
    "DOMStringMap": false,
    "DOMTokenList": false,
    "DataTransfer": false,
    "DataTransferItem": false,
    "DataTransferItemList": false,
    "DataView": false,
    "Date": false,
    "DelayNode": false,
    "DeviceMotionEvent": false,
    "DeviceOrientationEvent": false,
    "Document": false,
    "DocumentFragment": false,
    "DocumentType": false,
    "DragEvent": false,
    "DynamicsCompressorNode": false,
    "Element": false,
    "Error": false,
    "ErrorEvent": false,
    "EvalError": false,
    "Event": false,
    "EventSource": false,
    "EventTarget": false,
    "File": false,
    "FileList": false,
    "FileReader": false,
    "Float32Array": false,
    "Float64Array": false,
    "FocusEvent": false,
    "FontFace": false,
    "FontFaceSetLoadEvent": false,
    "FormData": false,
    "Function": false,
    "GainNode": false,
    "Gamepad": false,
    "GamepadButton": false,
    "GamepadEvent": false,
    "HTMLAllCollection": false,
    "HTMLAnchorElement": false,
    "HTMLAreaElement": false,
    "HTMLAudioElement": false,
    "HTMLBRElement": false,
    "HTMLBaseElement": false,
    "HTMLBodyElement": false,
    "HTMLButtonElement": false,
    "HTMLCanvasElement": false,
    "HTMLCollection": false,
    "HTMLContentElement": false,
    "HTMLDListElement": false,
    "HTMLDataElement": false,
    "HTMLDataListElement": false,
    "HTMLDetailsElement": false,
    "HTMLDialogElement": false,
    "HTMLDirectoryElement": false,
    "HTMLDivElement": false,
    "HTMLDocument": false,
    "HTMLElement": false,
    "HTMLEmbedElement": false,
    "HTMLFieldSetElement": false,
    "HTMLFontElement": false,
    "HTMLFormControlsCollection": false,
    "HTMLFormElement": false,
    "HTMLFrameElement": false,
    "HTMLFrameSetElement": false,
    "HTMLHRElement": false,
    "HTMLHeadElement": false,
    "HTMLHeadingElement": false,
    "HTMLHtmlElement": false,
    "HTMLIFrameElement": false,
    "HTMLImageElement": false,
    "HTMLInputElement": false,
    "HTMLLIElement": false,
    "HTMLLabelElement": false,
    "HTMLLegendElement": false,
    "HTMLLinkElement": false,
    "HTMLMapElement": false,
    "HTMLMarqueeElement": false,
    "HTMLMediaElement": false,
    "HTMLMenuElement": false,
    "HTMLMetaElement": false,
    "HTMLMeterElement": false,
    "HTMLModElement": false,
    "HTMLOListElement": false,
    "HTMLObjectElement": false,
    "HTMLOptGroupElement": false,
    "HTMLOptionElement": false,
    "HTMLOptionsCollection": false,
    "HTMLOutputElement": false,
    "HTMLParagraphElement": false,
    "HTMLParamElement": false,
    "HTMLPictureElement": false,
    "HTMLPreElement": false,
    "HTMLProgressElement": false,
    "HTMLQuoteElement": false,
    "HTMLScriptElement": false,
    "HTMLSelectElement": false,
    "HTMLShadowElement": false,
    "HTMLSlotElement": false,
    "HTMLSourceElement": false,
    "HTMLSpanElement": false,
    "HTMLStyleElement": false,
    "HTMLTableCaptionElement": false,
    "HTMLTableCellElement": false,
    "HTMLTableColElement": false,
    "HTMLTableElement": false,
    "HTMLTableRowElement": false,
    "HTMLTableSectionElement": false,
    "HTMLTemplateElement": false,
    "HTMLTextAreaElement": false,
    "HTMLTimeElement": false,
    "HTMLTitleElement": false,
    "HTMLTrackElement": false,
    "HTMLUListElement": false,
    "HTMLUnknownElement": false,
    "HTMLVideoElement": false,
    "HashChangeEvent": false,
    "Headers": false,
    "History": false,
    "IDBCursor": false,
    "IDBCursorWithValue": false,
    "IDBDatabase": false,
    "IDBFactory": false,
    "IDBIndex": false,
    "IDBKeyRange": false,
    "IDBObjectStore": false,
    "IDBOpenDBRequest": false,
    "IDBRequest": false,
    "IDBTransaction": false,
    "IDBVersionChangeEvent": false,
    "IIRFilterNode": false,
    "IdleDeadline": false,
    "Image": false,
    "ImageBitmap": false,
    "ImageBitmapRenderingContext": false,
    "ImageCapture": false,
    "ImageData": false,
    "Infinity": false,
    "InputEvent": false,
    "Int16Array": false,
    "Int32Array": false,
    "Int8Array": false,
    "IntersectionObserver": false,
    "IntersectionObserverEntry": false,
    "Intl": false,
    "JSON": false,
    "KeyboardEvent": false,
    "KeyframeEffect": false,
    "KeyframeEffectReadOnly": false,
    "Location": false,
    "MIDIAccess": false,
    "MIDIConnectionEvent": false,
    "MIDIInput": false,
    "MIDIInputMap": false,
    "MIDIMessageEvent": false,
    "MIDIOutput": false,
    "MIDIOutputMap": false,
    "MIDIPort": false,
    "Map": false,
    "Math": false,
    "MediaDeviceInfo": false,
    "MediaDevices": false,
    "MediaElementAudioSourceNode": false,
    "MediaEncryptedEvent": false,
    "MediaError": false,
    "MediaKeyMessageEvent": false,
    "MediaKeySession": false,
    "MediaKeyStatusMap": false,
    "MediaKeySystemAccess": false,
    "MediaList": false,
    "MediaQueryList": false,
    "MediaQueryListEvent": false,
    "MediaRecorder": false,
    "MediaSettingsRange": false,
    "MediaSource": false,
    "MediaStream": false,
    "MediaStreamAudioDestinationNode": false,
    "MediaStreamAudioSourceNode": false,
    "MediaStreamEvent": false,
    "MediaStreamTrack": false,
    "MediaStreamTrackEvent": false,
    "MessageChannel": false,
    "MessageEvent": false,
    "MessagePort": false,
    "MimeType": false,
    "MimeTypeArray": false,
    "MouseEvent": false,
    "MutationEvent": false,
    "MutationObserver": false,
    "MutationRecord": false,
    "NaN": false,
    "NamedNodeMap": false,
    "NavigationPreloadManager": false,
    "Navigator": false,
    "NetworkInformation": false,
    "Node": false,
    "NodeFilter": false,
    "NodeIterator": false,
    "NodeList": false,
    "Notification": false,
    "Number": false,
    "Object": false,
    "OfflineAudioCompletionEvent": false,
    "OfflineAudioContext": false,
    "OffscreenCanvas": true,
    "Option": false,
    "OscillatorNode": false,
    "PageTransitionEvent": false,
    "PannerNode": false,
    "Path2D": false,
    "PaymentAddress": false,
    "PaymentRequest": false,
    "PaymentRequestUpdateEvent": false,
    "PaymentResponse": false,
    "Performance": false,
    "PerformanceEntry": false,
    "PerformanceLongTaskTiming": false,
    "PerformanceMark": false,
    "PerformanceMeasure": false,
    "PerformanceNavigation": false,
    "PerformanceNavigationTiming": false,
    "PerformanceObserver": false,
    "PerformanceObserverEntryList": false,
    "PerformancePaintTiming": false,
    "PerformanceResourceTiming": false,
    "PerformanceTiming": false,
    "PeriodicWave": false,
    "PermissionStatus": false,
    "Permissions": false,
    "PhotoCapabilities": false,
    "Plugin": false,
    "PluginArray": false,
    "PointerEvent": false,
    "PopStateEvent": false,
    "Presentation": false,
    "PresentationAvailability": false,
    "PresentationConnection": false,
    "PresentationConnectionAvailableEvent": false,
    "PresentationConnectionCloseEvent": false,
    "PresentationConnectionList": false,
    "PresentationReceiver": false,
    "PresentationRequest": false,
    "ProcessingInstruction": false,
    "ProgressEvent": false,
    "Promise": false,
    "PromiseRejectionEvent": false,
    "Proxy": false,
    "PushManager": false,
    "PushSubscription": false,
    "PushSubscriptionOptions": false,
    "RTCCertificate": false,
    "RTCDataChannel": false,
    "RTCDataChannelEvent": false,
    "RTCDtlsTransport": false,
    "RTCIceCandidate": false,
    "RTCIceGatherer": false,
    "RTCIceTransport": false,
    "RTCPeerConnection": false,
    "RTCPeerConnectionIceEvent": false,
    "RTCRtpContributingSource": false,
    "RTCRtpReceiver": false,
    "RTCRtpSender": false,
    "RTCSctpTransport": false,
    "RTCSessionDescription": false,
    "RTCStatsReport": false,
    "RTCTrackEvent": false,
    "RadioNodeList": false,
    "Range": false,
    "RangeError": false,
    "ReadableStream": false,
    "ReferenceError": false,
    "Reflect": false,
    "RegExp": false,
    "RemotePlayback": false,
    "Request": false,
    "ResizeObserver": false,
    "ResizeObserverEntry": false,
    "Response": false,
    "SVGAElement": false,
    "SVGAngle": false,
    "SVGAnimateElement": false,
    "SVGAnimateMotionElement": false,
    "SVGAnimateTransformElement": false,
    "SVGAnimatedAngle": false,
    "SVGAnimatedBoolean": false,
    "SVGAnimatedEnumeration": false,
    "SVGAnimatedInteger": false,
    "SVGAnimatedLength": false,
    "SVGAnimatedLengthList": false,
    "SVGAnimatedNumber": false,
    "SVGAnimatedNumberList": false,
    "SVGAnimatedPreserveAspectRatio": false,
    "SVGAnimatedRect": false,
    "SVGAnimatedString": false,
    "SVGAnimatedTransformList": false,
    "SVGAnimationElement": false,
    "SVGCircleElement": false,
    "SVGClipPathElement": false,
    "SVGComponentTransferFunctionElement": false,
    "SVGDefsElement": false,
    "SVGDescElement": false,
    "SVGDiscardElement": false,
    "SVGElement": false,
    "SVGEllipseElement": false,
    "SVGFEBlendElement": false,
    "SVGFEColorMatrixElement": false,
    "SVGFEComponentTransferElement": false,
    "SVGFECompositeElement": false,
    "SVGFEConvolveMatrixElement": false,
    "SVGFEDiffuseLightingElement": false,
    "SVGFEDisplacementMapElement": false,
    "SVGFEDistantLightElement": false,
    "SVGFEDropShadowElement": false,
    "SVGFEFloodElement": false,
    "SVGFEFuncAElement": false,
    "SVGFEFuncBElement": false,
    "SVGFEFuncGElement": false,
    "SVGFEFuncRElement": false,
    "SVGFEGaussianBlurElement": false,
    "SVGFEImageElement": false,
    "SVGFEMergeElement": false,
    "SVGFEMergeNodeElement": false,
    "SVGFEMorphologyElement": false,
    "SVGFEOffsetElement": false,
    "SVGFEPointLightElement": false,
    "SVGFESpecularLightingElement": false,
    "SVGFESpotLightElement": false,
    "SVGFETileElement": false,
    "SVGFETurbulenceElement": false,
    "SVGFilterElement": false,
    "SVGForeignObjectElement": false,
    "SVGGElement": false,
    "SVGGeometryElement": false,
    "SVGGradientElement": false,
    "SVGGraphicsElement": false,
    "SVGImageElement": false,
    "SVGLength": false,
    "SVGLengthList": false,
    "SVGLineElement": false,
    "SVGLinearGradientElement": false,
    "SVGMPathElement": false,
    "SVGMarkerElement": false,
    "SVGMaskElement": false,
    "SVGMatrix": false,
    "SVGMetadataElement": false,
    "SVGNumber": false,
    "SVGNumberList": false,
    "SVGPathElement": false,
    "SVGPatternElement": false,
    "SVGPoint": false,
    "SVGPointList": false,
    "SVGPolygonElement": false,
    "SVGPolylineElement": false,
    "SVGPreserveAspectRatio": false,
    "SVGRadialGradientElement": false,
    "SVGRect": false,
    "SVGRectElement": false,
    "SVGSVGElement": false,
    "SVGScriptElement": false,
    "SVGSetElement": false,
    "SVGStopElement": false,
    "SVGStringList": false,
    "SVGStyleElement": false,
    "SVGSwitchElement": false,
    "SVGSymbolElement": false,
    "SVGTSpanElement": false,
    "SVGTextContentElement": false,
    "SVGTextElement": false,
    "SVGTextPathElement": false,
    "SVGTextPositioningElement": false,
    "SVGTitleElement": false,
    "SVGTransform": false,
    "SVGTransformList": false,
    "SVGUnitTypes": false,
    "SVGUseElement": false,
    "SVGViewElement": false,
    "Screen": false,
    "ScreenOrientation": false,
    "ScriptProcessorNode": false,
    "SecurityPolicyViolationEvent": false,
    "Selection": false,
    "ServiceWorker": false,
    "ServiceWorkerContainer": false,
    "ServiceWorkerRegistration": false,
    "Set": false,
    "ShadowRoot": false,
    "SharedWorker": false,
    "SourceBuffer": false,
    "SourceBufferList": false,
    "SpeechSynthesisEvent": false,
    "SpeechSynthesisUtterance": false,
    "StaticRange": false,
    "StereoPannerNode": false,
    "Storage": false,
    "StorageEvent": false,
    "StorageManager": false,
    "String": false,
    "StyleSheet": false,
    "StyleSheetList": false,
    "SubtleCrypto": false,
    "Symbol": false,
    "SyntaxError": false,
    "TaskAttributionTiming": false,
    "Text": false,
    "TextDecoder": false,
    "TextEncoder": false,
    "TextEvent": false,
    "TextMetrics": false,
    "TextTrack": false,
    "TextTrackCue": false,
    "TextTrackCueList": false,
    "TextTrackList": false,
    "TimeRanges": false,
    "Touch": false,
    "TouchEvent": false,
    "TouchList": false,
    "TrackEvent": false,
    "TransitionEvent": false,
    "TreeWalker": false,
    "TypeError": false,
    "UIEvent": false,
    "URIError": false,
    "URL": false,
    "URLSearchParams": false,
    "Uint16Array": false,
    "Uint32Array": false,
    "Uint8Array": false,
    "Uint8ClampedArray": false,
    "VTTCue": false,
    "ValidityState": false,
    "VisualViewport": false,
    "WaveShaperNode": false,
    "WeakMap": false,
    "WeakSet": false,
    "WebAssembly": false,
    "WebGL2RenderingContext": false,
    "WebGLActiveInfo": false,
    "WebGLBuffer": false,
    "WebGLContextEvent": false,
    "WebGLFramebuffer": false,
    "WebGLProgram": false,
    "WebGLQuery": false,
    "WebGLRenderbuffer": false,
    "WebGLRenderingContext": false,
    "WebGLSampler": false,
    "WebGLShader": false,
    "WebGLShaderPrecisionFormat": false,
    "WebGLSync": false,
    "WebGLTexture": false,
    "WebGLTransformFeedback": false,
    "WebGLUniformLocation": false,
    "WebGLVertexArrayObject": false,
    "WebSocket": false,
    "WheelEvent": false,
    "Window": false,
    "Worker": false,
    "WritableStream": false,
    "XMLDocument": false,
    "XMLHttpRequest": false,
    "XMLHttpRequestEventTarget": false,
    "XMLHttpRequestUpload": false,
    "XMLSerializer": false,
    "XPathEvaluator": false,
    "XPathExpression": false,
    "XPathResult": false,
    "XSLTProcessor": false,
    "__dirname": false,
    "__filename": false,
    "addEventListener": false,
    "afterAll": false,
    "afterEach": false,
    "alert": false,
    "applicationCache": false,
    "atob": false,
    "beforeAll": false,
    "beforeEach": false,
    "blur": false,
    "btoa": false,
    "caches": false,
    "cancelAnimationFrame": false,
    "cancelIdleCallback": false,
    "clearImmediate": false,
    "clearInterval": false,
    "clearTimeout": false,
    "clientInformation": false,
    "close": false,
    "closed": false,
    "confirm": false,
    "console": false,
    "constructor": false,
    "createImageBitmap": false,
    "crypto": false,
    "customElements": false,
    "decodeURI": false,
    "decodeURIComponent": false,
    "defaultStatus": false,
    "defaultstatus": false,
    "describe": false,
    "devicePixelRatio": false,
    "dispatchEvent": false,
    "document": false,
    "encodeURI": false,
    "encodeURIComponent": false,
    "escape": false,
    "eval": false,
    "event": false,
    "expect": false,
    "exports": true,
    "external": false,
    "fdescribe": false,
    "fetch": false,
    "find": false,
    "fit": false,
    "focus": false,
    "frameElement": false,
    "frames": false,
    "getComputedStyle": false,
    "getSelection": false,
    "global": false,
    "hasOwnProperty": false,
    "history": false,
    "indexedDB": false,
    "innerHeight": false,
    "innerWidth": false,
    "isFinite": false,
    "isNaN": false,
    "isPrototypeOf": false,
    "isSecureContext": false,
    "it": false,
    "jest": false,
    "length": false,
    "localStorage": false,
    "location": true,
    "locationbar": false,
    "matchMedia": false,
    "menubar": false,
    "module": false,
    "moveBy": false,
    "moveTo": false,
    "name": false,
    "navigator": false,
    "offscreenBuffering": false,
    "onabort": true,
    "onafterprint": true,
    "onanimationend": true,
    "onanimationiteration": true,
    "onanimationstart": true,
    "onappinstalled": true,
    "onauxclick": true,
    "onbeforeinstallprompt": true,
    "onbeforeprint": true,
    "onbeforeunload": true,
    "onblur": true,
    "oncancel": true,
    "oncanplay": true,
    "oncanplaythrough": true,
    "onchange": true,
    "onclick": true,
    "onclose": true,
    "oncontextmenu": true,
    "oncuechange": true,
    "ondblclick": true,
    "ondevicemotion": true,
    "ondeviceorientation": true,
    "ondeviceorientationabsolute": true,
    "ondrag": true,
    "ondragend": true,
    "ondragenter": true,
    "ondragleave": true,
    "ondragover": true,
    "ondragstart": true,
    "ondrop": true,
    "ondurationchange": true,
    "onemptied": true,
    "onended": true,
    "onerror": true,
    "onfocus": true,
    "ongotpointercapture": true,
    "onhashchange": true,
    "oninput": true,
    "oninvalid": true,
    "onkeydown": true,
    "onkeypress": true,
    "onkeyup": true,
    "onlanguagechange": true,
    "onload": true,
    "onloadeddata": true,
    "onloadedmetadata": true,
    "onloadstart": true,
    "onlostpointercapture": true,
    "onmessage": true,
    "onmessageerror": true,
    "onmousedown": true,
    "onmouseenter": true,
    "onmouseleave": true,
    "onmousemove": true,
    "onmouseout": true,
    "onmouseover": true,
    "onmouseup": true,
    "onmousewheel": true,
    "onoffline": true,
    "ononline": true,
    "onpagehide": true,
    "onpageshow": true,
    "onpause": true,
    "onplay": true,
    "onplaying": true,
    "onpointercancel": true,
    "onpointerdown": true,
    "onpointerenter": true,
    "onpointerleave": true,
    "onpointermove": true,
    "onpointerout": true,
    "onpointerover": true,
    "onpointerup": true,
    "onpopstate": true,
    "onprogress": true,
    "onratechange": true,
    "onrejectionhandled": true,
    "onreset": true,
    "onresize": true,
    "onscroll": true,
    "onsearch": true,
    "onseeked": true,
    "onseeking": true,
    "onselect": true,
    "onstalled": true,
    "onstorage": true,
    "onsubmit": true,
    "onsuspend": true,
    "ontimeupdate": true,
    "ontoggle": true,
    "ontransitionend": true,
    "onunhandledrejection": true,
    "onunload": true,
    "onvolumechange": true,
    "onwaiting": true,
    "onwheel": true,
    "open": false,
    "openDatabase": false,
    "opener": false,
    "origin": false,
    "outerHeight": false,
    "outerWidth": false,
    "pageXOffset": false,
    "pageYOffset": false,
    "parent": false,
    "parseFloat": false,
    "parseInt": false,
    "performance": false,
    "personalbar": false,
    "pit": false,
    "postMessage": false,
    "print": false,
    "process": false,
    "prompt": false,
    "propertyIsEnumerable": false,
    "queueMicrotask": false,
    "registerProcessor": false,
    "removeEventListener": false,
    "requestAnimationFrame": false,
    "requestIdleCallback": false,
    "require": false,
    "resizeBy": false,
    "resizeTo": false,
    "screen": false,
    "screenLeft": false,
    "screenTop": false,
    "screenX": false,
    "screenY": false,
    "scroll": false,
    "scrollBy": false,
    "scrollTo": false,
    "scrollX": false,
    "scrollY": false,
    "scrollbars": false,
    "self": false,
    "sessionStorage": false,
    "setImmediate": false,
    "setInterval": false,
    "setTimeout": false,
    "speechSynthesis": false,
    "status": false,
    "statusbar": false,
    "stop": false,
    "styleMedia": false,
    "test": false,
    "toLocaleString": false,
    "toString": false,
    "toolbar": false,
    "top": false,
    "undefined": false,
    "unescape": false,
    "valueOf": false,
    "visualViewport": false,
    "window": false,
    "xdescribe": false,
    "xit": false,
    "xtest": false,
  },
  "parser": undefined,
  "parserOptions": Object {
    "ecmaFeatures": Object {
      "generators": false,
      "globalReturn": true,
      "jsx": true,
      "objectLiteralDuplicateProperties": false,
    },
    "ecmaVersion": 2018,
    "sourceType": "module",
  },
  "plugins": Array [
    "import",
    "react",
    "jsx-a11y",
  ],
  "rules": Object {
    "accessor-pairs": "off",
    "array-bracket-newline": Array [
      "off",
      "consistent",
    ],
    "array-bracket-spacing": Array [
      "off",
      "never",
    ],
    "array-callback-return": Array [
      "error",
      Object {
        "allowImplicit": true,
      },
    ],
    "array-element-newline": Array [
      "off",
      Object {
        "minItems": 3,
        "multiline": true,
      },
    ],
    "arrow-body-style": Array [
      0,
      "as-needed",
      Object {
        "requireReturnForObjectLiteral": false,
      },
    ],
    "arrow-parens": Array [
      "off",
      "as-needed",
      Object {
        "requireForBlockBody": true,
      },
    ],
    "arrow-spacing": Array [
      "off",
      Object {
        "after": true,
        "before": true,
      },
    ],
    "block-scoped-var": "error",
    "block-spacing": Array [
      "off",
      "always",
    ],
    "brace-style": Array [
      "off",
      "1tbs",
      Object {
        "allowSingleLine": true,
      },
    ],
    "callback-return": "off",
    "camelcase": Array [
      0,
      Object {
        "properties": "never",
      },
    ],
    "capitalized-comments": Array [
      "off",
      "never",
      Object {
        "block": Object {
          "ignoreConsecutiveComments": true,
          "ignoreInlineComments": true,
          "ignorePattern": ".*",
        },
        "line": Object {
          "ignoreConsecutiveComments": true,
          "ignoreInlineComments": true,
          "ignorePattern": ".*",
        },
      },
    ],
    "class-methods-use-this": Array [
      "error",
      Object {
        "exceptMethods": Array [
          "render",
          "getInitialState",
          "getDefaultProps",
          "getChildContext",
          "componentWillMount",
          "UNSAFE_componentWillMount",
          "componentDidMount",
          "componentWillReceiveProps",
          "UNSAFE_componentWillReceiveProps",
          "shouldComponentUpdate",
          "componentWillUpdate",
          "UNSAFE_componentWillUpdate",
          "componentDidUpdate",
          "componentWillUnmount",
          "componentDidCatch",
          "getSnapshotBeforeUpdate",
        ],
      },
    ],
    "comma-dangle": Array [
      "off",
      Object {
        "arrays": "always-multiline",
        "exports": "always-multiline",
        "functions": "always-multiline",
        "imports": "always-multiline",
        "objects": "always-multiline",
      },
    ],
    "comma-spacing": Array [
      "off",
      Object {
        "after": true,
        "before": false,
      },
    ],
    "comma-style": Array [
      "off",
      "last",
      Object {
        "exceptions": Object {
          "ArrayExpression": false,
          "ArrayPattern": false,
          "ArrowFunctionExpression": false,
          "CallExpression": false,
          "FunctionDeclaration": false,
          "FunctionExpression": false,
          "ImportDeclaration": false,
          "NewExpression": false,
          "ObjectExpression": false,
          "ObjectPattern": false,
          "VariableDeclaration": false,
        },
      },
    ],
    "complexity": Array [
      "off",
      11,
    ],
    "computed-property-spacing": Array [
      "off",
      "never",
    ],
    "consistent-return": "error",
    "consistent-this": "off",
    "constructor-super": "error",
    "curly": Array [
      0,
      "multi-line",
    ],
    "default-case": Array [
      "error",
      Object {
        "commentPattern": "^no default$",
      },
    ],
    "dot-location": Array [
      "off",
      "property",
    ],
    "dot-notation": Array [
      "error",
      Object {
        "allowKeywords": true,
      },
    ],
    "eol-last": Array [
      "off",
      "always",
    ],
    "eqeqeq": Array [
      "error",
      "always",
      Object {
        "null": "ignore",
      },
    ],
    "for-direction": "error",
    "func-call-spacing": Array [
      "off",
      "never",
    ],
    "func-name-matching": Array [
      "off",
      "always",
      Object {
        "includeCommonJSModuleExports": false,
      },
    ],
    "func-names": "warn",
    "func-style": Array [
      "off",
      "expression",
    ],
    "function-paren-newline": Array [
      "off",
      "consistent",
    ],
    "generator-star": "off",
    "generator-star-spacing": Array [
      "off",
      Object {
        "after": true,
        "before": false,
      },
    ],
    "getter-return": Array [
      "error",
      Object {
        "allowImplicit": true,
      },
    ],
    "global-require": "error",
    "guard-for-in": "error",
    "handle-callback-err": "off",
    "id-blacklist": "off",
    "id-length": "off",
    "id-match": "off",
    "implicit-arrow-linebreak": Array [
      "off",
      "beside",
    ],
    "import/default": "off",
    "import/dynamic-import-chunkname": Array [
      "off",
      Object {
        "importFunctions": Array [],
        "webpackChunknameFormat": "[0-9a-zA-Z-_/.]+",
      },
    ],
    "import/export": "error",
    "import/exports-last": "off",
    "import/extensions": Array [
      "error",
      "ignorePackages",
      Object {
        "js": "never",
        "jsx": "never",
        "mjs": "never",
      },
    ],
    "import/first": "error",
    "import/group-exports": "off",
    "import/imports-first": "off",
    "import/max-dependencies": Array [
      "off",
      Object {
        "max": 10,
      },
    ],
    "import/named": "error",
    "import/namespace": "off",
    "import/newline-after-import": "error",
    "import/no-absolute-path": "error",
    "import/no-amd": "error",
    "import/no-anonymous-default-export": Array [
      "off",
      Object {
        "allowAnonymousClass": false,
        "allowAnonymousFunction": false,
        "allowArray": false,
        "allowArrowFunction": false,
        "allowLiteral": false,
        "allowObject": false,
      },
    ],
    "import/no-commonjs": "off",
    "import/no-cycle": Array [
      "error",
      Object {
        "maxDepth": Infinity,
      },
    ],
    "import/no-default-export": "off",
    "import/no-deprecated": "off",
    "import/no-duplicates": "error",
    "import/no-dynamic-require": "error",
    "import/no-extraneous-dependencies": Array [
      2,
      Object {
        "devDependencies": Array [
          "**/tests/**",
          "**/stories/**",
          "spec/**",
          "**/__tests__/**",
          "**/__mocks__/**",
          "**/*{.,_}{test,spec,story}.{js,jsx}",
          "**/jest.config.js",
          "**/webpack.config.*",
          "**/rollup.config.*",
          "**/gulpfile.*",
        ],
        "optionalDependencies": false,
      },
    ],
    "import/no-internal-modules": Array [
      "off",
      Object {
        "allow": Array [],
      },
    ],
    "import/no-mutable-exports": "error",
    "import/no-named-as-default": "error",
    "import/no-named-as-default-member": "error",
    "import/no-named-default": "error",
    "import/no-named-export": "off",
    "import/no-namespace": "off",
    "import/no-nodejs-modules": "off",
    "import/no-relative-parent-imports": "off",
    "import/no-restricted-paths": "off",
    "import/no-self-import": "error",
    "import/no-unassigned-import": "off",
    "import/no-unresolved": Array [
      "error",
      Object {
        "caseSensitive": true,
        "commonjs": true,
      },
    ],
    "import/no-unused-modules": Array [
      "off",
      Object {
        "ignoreExports": Array [],
        "missingExports": true,
        "unusedExports": true,
      },
    ],
    "import/no-useless-path-segments": "error",
    "import/no-webpack-loader-syntax": "error",
    "import/order": Array [
      "error",
      Object {
        "groups": Array [
          Array [
            "builtin",
            "external",
            "internal",
          ],
        ],
      },
    ],
    "import/prefer-default-export": Array [
      0,
    ],
    "import/unambiguous": "off",
    "indent": Array [
      "off",
      2,
      Object {
        "ArrayExpression": 1,
        "CallExpression": Object {
          "arguments": 1,
        },
        "FunctionDeclaration": Object {
          "body": 1,
          "parameters": 1,
        },
        "FunctionExpression": Object {
          "body": 1,
          "parameters": 1,
        },
        "ImportDeclaration": 1,
        "ObjectExpression": 1,
        "SwitchCase": 1,
        "VariableDeclarator": 1,
        "flatTernaryExpressions": false,
        "ignoreComments": false,
        "ignoredNodes": Array [
          "JSXElement",
          "JSXElement > *",
          "JSXAttribute",
          "JSXIdentifier",
          "JSXNamespacedName",
          "JSXMemberExpression",
          "JSXSpreadAttribute",
          "JSXExpressionContainer",
          "JSXOpeningElement",
          "JSXClosingElement",
          "JSXText",
          "JSXEmptyExpression",
          "JSXSpreadChild",
        ],
        "outerIIFEBody": 1,
      },
    ],
    "indent-legacy": "off",
    "init-declarations": "off",
    "jsx-a11y/accessible-emoji": "error",
    "jsx-a11y/alt-text": Array [
      "error",
      Object {
        "area": Array [],
        "elements": Array [
          "img",
          "object",
          "area",
          "input[type=\\"image\\"]",
        ],
        "img": Array [],
        "input[type=\\"image\\"]": Array [],
        "object": Array [],
      },
    ],
    "jsx-a11y/anchor-has-content": Array [
      "error",
      Object {
        "components": Array [],
      },
    ],
    "jsx-a11y/anchor-is-valid": Array [
      "error",
      Object {
        "aspects": Array [
          "noHref",
          "invalidHref",
          "preferButton",
        ],
        "components": Array [
          "Link",
        ],
        "specialLink": Array [
          "to",
        ],
      },
    ],
    "jsx-a11y/aria-activedescendant-has-tabindex": "error",
    "jsx-a11y/aria-props": "error",
    "jsx-a11y/aria-proptypes": "error",
    "jsx-a11y/aria-role": Array [
      "error",
      Object {
        "ignoreNonDom": false,
      },
    ],
    "jsx-a11y/aria-unsupported-elements": "error",
    "jsx-a11y/click-events-have-key-events": "error",
    "jsx-a11y/heading-has-content": Array [
      "error",
      Object {
        "components": Array [
          "",
        ],
      },
    ],
    "jsx-a11y/html-has-lang": "error",
    "jsx-a11y/iframe-has-title": "error",
    "jsx-a11y/img-redundant-alt": "error",
    "jsx-a11y/interactive-supports-focus": "error",
    "jsx-a11y/label-has-associated-control": Array [
      "error",
      Object {
        "assert": "both",
        "controlComponents": Array [],
        "depth": 25,
        "labelAttributes": Array [],
        "labelComponents": Array [],
      },
    ],
    "jsx-a11y/label-has-for": Array [
      "error",
      Object {
        "allowChildren": false,
        "components": Array [],
        "required": Object {
          "every": Array [
            "nesting",
            "id",
          ],
        },
      },
    ],
    "jsx-a11y/lang": "error",
    "jsx-a11y/media-has-caption": Array [
      "error",
      Object {
        "audio": Array [],
        "track": Array [],
        "video": Array [],
      },
    ],
    "jsx-a11y/mouse-events-have-key-events": "error",
    "jsx-a11y/no-access-key": "error",
    "jsx-a11y/no-autofocus": Array [
      "error",
      Object {
        "ignoreNonDOM": true,
      },
    ],
    "jsx-a11y/no-distracting-elements": Array [
      "error",
      Object {
        "elements": Array [
          "marquee",
          "blink",
        ],
      },
    ],
    "jsx-a11y/no-interactive-element-to-noninteractive-role": Array [
      "error",
      Object {
        "tr": Array [
          "none",
          "presentation",
        ],
      },
    ],
    "jsx-a11y/no-noninteractive-element-interactions": Array [
      "error",
      Object {
        "handlers": Array [
          "onClick",
          "onMouseDown",
          "onMouseUp",
          "onKeyPress",
          "onKeyDown",
          "onKeyUp",
        ],
      },
    ],
    "jsx-a11y/no-noninteractive-element-to-interactive-role": Array [
      "error",
      Object {
        "li": Array [
          "menuitem",
          "option",
          "row",
          "tab",
          "treeitem",
        ],
        "ol": Array [
          "listbox",
          "menu",
          "menubar",
          "radiogroup",
          "tablist",
          "tree",
          "treegrid",
        ],
        "table": Array [
          "grid",
        ],
        "td": Array [
          "gridcell",
        ],
        "ul": Array [
          "listbox",
          "menu",
          "menubar",
          "radiogroup",
          "tablist",
          "tree",
          "treegrid",
        ],
      },
    ],
    "jsx-a11y/no-noninteractive-tabindex": Array [
      "error",
      Object {
        "roles": Array [
          "tabpanel",
        ],
        "tags": Array [],
      },
    ],
    "jsx-a11y/no-onchange": "off",
    "jsx-a11y/no-redundant-roles": "error",
    "jsx-a11y/no-static-element-interactions": Array [
      "error",
      Object {
        "handlers": Array [
          "onClick",
          "onMouseDown",
          "onMouseUp",
          "onKeyPress",
          "onKeyDown",
          "onKeyUp",
        ],
      },
    ],
    "jsx-a11y/role-has-required-aria-props": "error",
    "jsx-a11y/role-supports-aria-props": "error",
    "jsx-a11y/scope": "error",
    "jsx-a11y/tabindex-no-positive": "error",
    "jsx-quotes": Array [
      "off",
      "prefer-double",
    ],
    "key-spacing": Array [
      "off",
      Object {
        "afterColon": true,
        "beforeColon": false,
      },
    ],
    "keyword-spacing": Array [
      "off",
      Object {
        "after": true,
        "before": true,
        "overrides": Object {
          "case": Object {
            "after": true,
          },
          "return": Object {
            "after": true,
          },
          "throw": Object {
            "after": true,
          },
        },
      },
    ],
    "line-comment-position": Array [
      "off",
      Object {
        "applyDefaultPatterns": true,
        "ignorePattern": "",
        "position": "above",
      },
    ],
    "linebreak-style": Array [
      "off",
      "unix",
    ],
    "lines-around-comment": 0,
    "lines-around-directive": Array [
      "error",
      Object {
        "after": "always",
        "before": "always",
      },
    ],
    "lines-between-class-members": Array [
      "error",
      "always",
      Object {
        "exceptAfterSingleLine": false,
      },
    ],
    "max-classes-per-file": Array [
      "off",
      1,
    ],
    "max-depth": Array [
      "off",
      4,
    ],
    "max-len": Array [
      0,
      100,
      2,
      Object {
        "ignoreComments": false,
        "ignoreRegExpLiterals": true,
        "ignoreStrings": true,
        "ignoreTemplateLiterals": true,
        "ignoreUrls": true,
      },
    ],
    "max-lines": Array [
      "off",
      Object {
        "max": 300,
        "skipBlankLines": true,
        "skipComments": true,
      },
    ],
    "max-lines-per-function": Array [
      "off",
      Object {
        "IIFEs": true,
        "max": 50,
        "skipBlankLines": true,
        "skipComments": true,
      },
    ],
    "max-nested-callbacks": "off",
    "max-params": Array [
      "off",
      3,
    ],
    "max-statements": Array [
      "off",
      10,
    ],
    "max-statements-per-line": Array [
      "off",
      Object {
        "max": 1,
      },
    ],
    "multiline-comment-style": Array [
      "off",
      "starred-block",
    ],
    "multiline-ternary": Array [
      "off",
      "never",
    ],
    "new-cap": Array [
      "error",
      Object {
        "capIsNew": false,
        "capIsNewExceptions": Array [
          "Immutable.Map",
          "Immutable.Set",
          "Immutable.List",
        ],
        "newIsCap": true,
        "newIsCapExceptions": Array [],
      },
    ],
    "new-parens": "off",
    "newline-after-var": "off",
    "newline-before-return": "off",
    "newline-per-chained-call": Array [
      "off",
      Object {
        "ignoreChainWithDepth": 4,
      },
    ],
    "no-alert": "warn",
    "no-array-constructor": "error",
    "no-arrow-condition": "off",
    "no-async-promise-executor": "off",
    "no-await-in-loop": "error",
    "no-bitwise": "error",
    "no-buffer-constructor": "error",
    "no-caller": "error",
    "no-case-declarations": "error",
    "no-catch-shadow": "off",
    "no-class-assign": "error",
    "no-comma-dangle": "off",
    "no-compare-neg-zero": "error",
    "no-cond-assign": Array [
      "error",
      "always",
    ],
    "no-confusing-arrow": Array [
      0,
      Object {
        "allowParens": true,
      },
    ],
    "no-console": Array [
      2,
      Object {
        "allow": Array [
          "error",
        ],
      },
    ],
    "no-const-assign": "error",
    "no-constant-condition": "warn",
    "no-continue": "error",
    "no-control-regex": "error",
    "no-debugger": "error",
    "no-delete-var": "error",
    "no-div-regex": "off",
    "no-dupe-args": "error",
    "no-dupe-class-members": "error",
    "no-dupe-keys": "error",
    "no-duplicate-case": "error",
    "no-duplicate-imports": "off",
    "no-else-return": Array [
      "error",
      Object {
        "allowElseIf": false,
      },
    ],
    "no-empty": "error",
    "no-empty-character-class": "error",
    "no-empty-function": Array [
      "error",
      Object {
        "allow": Array [
          "arrowFunctions",
          "functions",
          "methods",
        ],
      },
    ],
    "no-empty-pattern": "error",
    "no-eq-null": "off",
    "no-eval": "error",
    "no-ex-assign": "error",
    "no-extend-native": "error",
    "no-extra-bind": "error",
    "no-extra-boolean-cast": "error",
    "no-extra-label": "error",
    "no-extra-parens": Array [
      "off",
      "all",
      Object {
        "conditionalAssign": true,
        "enforceForArrowConditionals": false,
        "ignoreJSX": "all",
        "nestedBinaryExpressions": false,
        "returnAssign": false,
      },
    ],
    "no-extra-semi": "off",
    "no-fallthrough": "error",
    "no-floating-decimal": "off",
    "no-func-assign": "error",
    "no-global-assign": Array [
      "error",
      Object {
        "exceptions": Array [],
      },
    ],
    "no-implicit-coercion": Array [
      "off",
      Object {
        "allow": Array [],
        "boolean": false,
        "number": true,
        "string": true,
      },
    ],
    "no-implicit-globals": "off",
    "no-implied-eval": "error",
    "no-inline-comments": "off",
    "no-inner-declarations": "error",
    "no-invalid-regexp": "error",
    "no-invalid-this": "off",
    "no-irregular-whitespace": "error",
    "no-iterator": "error",
    "no-label-var": "error",
    "no-labels": Array [
      "error",
      Object {
        "allowLoop": false,
        "allowSwitch": false,
      },
    ],
    "no-lone-blocks": "error",
    "no-lonely-if": "error",
    "no-loop-func": "error",
    "no-magic-numbers": Array [
      "off",
      Object {
        "detectObjects": false,
        "enforceConst": true,
        "ignore": Array [],
        "ignoreArrayIndexes": true,
      },
    ],
    "no-misleading-character-class": "off",
    "no-mixed-operators": Array [
      0,
      Object {
        "allowSamePrecedence": false,
        "groups": Array [
          Array [
            "%",
            "**",
          ],
          Array [
            "%",
            "+",
          ],
          Array [
            "%",
            "-",
          ],
          Array [
            "%",
            "*",
          ],
          Array [
            "%",
            "/",
          ],
          Array [
            "**",
            "+",
          ],
          Array [
            "**",
            "-",
          ],
          Array [
            "**",
            "*",
          ],
          Array [
            "**",
            "/",
          ],
          Array [
            "&",
            "|",
            "^",
            "~",
            "<<",
            ">>",
            ">>>",
          ],
          Array [
            "==",
            "!=",
            "===",
            "!==",
            ">",
            ">=",
            "<",
            "<=",
          ],
          Array [
            "&&",
            "||",
          ],
          Array [
            "in",
            "instanceof",
          ],
        ],
      },
    ],
    "no-mixed-requires": Array [
      "off",
      false,
    ],
    "no-mixed-spaces-and-tabs": "off",
    "no-multi-assign": Array [
      "error",
    ],
    "no-multi-spaces": Array [
      "off",
      Object {
        "ignoreEOLComments": false,
      },
    ],
    "no-multi-str": "error",
    "no-multiple-empty-lines": Array [
      "off",
      Object {
        "max": 2,
        "maxEOF": 0,
      },
    ],
    "no-native-reassign": "off",
    "no-negated-condition": "off",
    "no-negated-in-lhs": "off",
    "no-nested-ternary": "error",
    "no-new": "error",
    "no-new-func": "error",
    "no-new-object": "error",
    "no-new-require": "error",
    "no-new-symbol": "error",
    "no-new-wrappers": "error",
    "no-obj-calls": "error",
    "no-octal": "error",
    "no-octal-escape": "error",
    "no-param-reassign": Array [
      2,
      Object {
        "props": false,
      },
    ],
    "no-path-concat": "error",
    "no-plusplus": "error",
    "no-process-env": "off",
    "no-process-exit": "off",
    "no-proto": "error",
    "no-prototype-builtins": "error",
    "no-redeclare": "error",
    "no-regex-spaces": "error",
    "no-reserved-keys": "off",
    "no-restricted-globals": Array [
      "error",
      "isFinite",
      "isNaN",
      "addEventListener",
      "blur",
      "close",
      "closed",
      "confirm",
      "defaultStatus",
      "defaultstatus",
      "event",
      "external",
      "find",
      "focus",
      "frameElement",
      "frames",
      "history",
      "innerHeight",
      "innerWidth",
      "length",
      "location",
      "locationbar",
      "menubar",
      "moveBy",
      "moveTo",
      "name",
      "onblur",
      "onerror",
      "onfocus",
      "onload",
      "onresize",
      "onunload",
      "open",
      "opener",
      "opera",
      "outerHeight",
      "outerWidth",
      "pageXOffset",
      "pageYOffset",
      "parent",
      "print",
      "removeEventListener",
      "resizeBy",
      "resizeTo",
      "screen",
      "screenLeft",
      "screenTop",
      "screenX",
      "screenY",
      "scroll",
      "scrollbars",
      "scrollBy",
      "scrollTo",
      "scrollX",
      "scrollY",
      "self",
      "status",
      "statusbar",
      "stop",
      "toolbar",
      "top",
    ],
    "no-restricted-imports": Array [
      "off",
      Object {
        "paths": Array [],
        "patterns": Array [],
      },
    ],
    "no-restricted-modules": "off",
    "no-restricted-properties": Array [
      "error",
      Object {
        "message": "arguments.callee is deprecated",
        "object": "arguments",
        "property": "callee",
      },
      Object {
        "message": "Please use Number.isFinite instead",
        "object": "global",
        "property": "isFinite",
      },
      Object {
        "message": "Please use Number.isFinite instead",
        "object": "self",
        "property": "isFinite",
      },
      Object {
        "message": "Please use Number.isFinite instead",
        "object": "window",
        "property": "isFinite",
      },
      Object {
        "message": "Please use Number.isNaN instead",
        "object": "global",
        "property": "isNaN",
      },
      Object {
        "message": "Please use Number.isNaN instead",
        "object": "self",
        "property": "isNaN",
      },
      Object {
        "message": "Please use Number.isNaN instead",
        "object": "window",
        "property": "isNaN",
      },
      Object {
        "message": "Please use Object.defineProperty instead.",
        "property": "__defineGetter__",
      },
      Object {
        "message": "Please use Object.defineProperty instead.",
        "property": "__defineSetter__",
      },
      Object {
        "message": "Use the exponentiation operator (**) instead.",
        "object": "Math",
        "property": "pow",
      },
    ],
    "no-restricted-syntax": Array [
      "error",
      Object {
        "message": "for..in loops iterate over the entire prototype chain, which is virtually never what you want. Use Object.{keys,values,entries}, and iterate over the resulting array.",
        "selector": "ForInStatement",
      },
      Object {
        "message": "iterators/generators require regenerator-runtime, which is too heavyweight for this guide to allow them. Separately, loops should be avoided in favor of array iterations.",
        "selector": "ForOfStatement",
      },
      Object {
        "message": "Labels are a form of GOTO; using them makes code confusing and hard to maintain and understand.",
        "selector": "LabeledStatement",
      },
      Object {
        "message": "\`with\` is disallowed in strict mode because it makes code impossible to predict and optimize.",
        "selector": "WithStatement",
      },
    ],
    "no-return-assign": Array [
      "error",
      "always",
    ],
    "no-return-await": "error",
    "no-script-url": "error",
    "no-self-assign": Array [
      "error",
      Object {
        "props": false,
      },
    ],
    "no-self-compare": "error",
    "no-sequences": "error",
    "no-shadow": "error",
    "no-shadow-restricted-names": "error",
    "no-space-before-semi": "off",
    "no-spaced-func": "off",
    "no-sparse-arrays": "error",
    "no-sync": "off",
    "no-tabs": 0,
    "no-template-curly-in-string": "error",
    "no-ternary": "off",
    "no-this-before-super": "error",
    "no-throw-literal": "error",
    "no-trailing-spaces": Array [
      "off",
      Object {
        "ignoreComments": false,
        "skipBlankLines": false,
      },
    ],
    "no-undef": "error",
    "no-undef-init": "error",
    "no-undefined": "off",
    "no-underscore-dangle": Array [
      2,
      Object {
        "allow": Array [
          "__REDUX_DEVTOOLS_EXTENSION__",
          "__webpack_hash__",
        ],
      },
    ],
    "no-unexpected-multiline": 0,
    "no-unmodified-loop-condition": "off",
    "no-unneeded-ternary": Array [
      "error",
      Object {
        "defaultAssignment": false,
      },
    ],
    "no-unreachable": "error",
    "no-unsafe-finally": "error",
    "no-unsafe-negation": "error",
    "no-unused-expressions": Array [
      "error",
      Object {
        "allowShortCircuit": false,
        "allowTaggedTemplates": false,
        "allowTernary": false,
      },
    ],
    "no-unused-labels": "error",
    "no-unused-vars": Array [
      "error",
      Object {
        "args": "after-used",
        "ignoreRestSiblings": true,
        "vars": "all",
      },
    ],
    "no-use-before-define": Array [
      "error",
      Object {
        "classes": true,
        "functions": true,
        "variables": true,
      },
    ],
    "no-useless-call": "off",
    "no-useless-catch": "off",
    "no-useless-computed-key": "error",
    "no-useless-concat": "error",
    "no-useless-constructor": "error",
    "no-useless-escape": "error",
    "no-useless-rename": Array [
      "error",
      Object {
        "ignoreDestructuring": false,
        "ignoreExport": false,
        "ignoreImport": false,
      },
    ],
    "no-useless-return": "error",
    "no-var": "error",
    "no-void": "error",
    "no-warning-comments": Array [
      1,
      Object {
        "location": "start",
        "terms": Array [
          "todo",
          "fixme",
          "xxx",
        ],
      },
    ],
    "no-whitespace-before-property": "off",
    "no-with": "error",
    "no-wrap-func": "off",
    "nonblock-statement-body-position": Array [
      "off",
      "beside",
      Object {
        "overrides": Object {},
      },
    ],
    "object-curly-newline": Array [
      "off",
      Object {
        "ExportDeclaration": Object {
          "consistent": true,
          "minProperties": 4,
          "multiline": true,
        },
        "ImportDeclaration": Object {
          "consistent": true,
          "minProperties": 4,
          "multiline": true,
        },
        "ObjectExpression": Object {
          "consistent": true,
          "minProperties": 4,
          "multiline": true,
        },
        "ObjectPattern": Object {
          "consistent": true,
          "minProperties": 4,
          "multiline": true,
        },
      },
    ],
    "object-curly-spacing": Array [
      "off",
      "always",
    ],
    "object-property-newline": Array [
      "off",
      Object {
        "allowAllPropertiesOnSameLine": true,
      },
    ],
    "object-shorthand": Array [
      "error",
      "always",
      Object {
        "avoidQuotes": true,
        "ignoreConstructors": false,
      },
    ],
    "one-var": Array [
      "error",
      "never",
    ],
    "one-var-declaration-per-line": Array [
      "off",
      "always",
    ],
    "operator-assignment": Array [
      "error",
      "always",
    ],
    "operator-linebreak": Array [
      "off",
      "before",
      Object {
        "overrides": Object {
          "=": "none",
        },
      },
    ],
    "padded-blocks": Array [
      "off",
      Object {
        "blocks": "never",
        "classes": "never",
        "switches": "never",
      },
    ],
    "padding-line-between-statements": "off",
    "prefer-arrow-callback": Array [
      0,
      Object {
        "allowNamedFunctions": false,
        "allowUnboundThis": true,
      },
    ],
    "prefer-const": Array [
      "error",
      Object {
        "destructuring": "any",
        "ignoreReadBeforeAssign": true,
      },
    ],
    "prefer-destructuring": Array [
      "error",
      Object {
        "AssignmentExpression": Object {
          "array": true,
          "object": true,
        },
        "VariableDeclarator": Object {
          "array": false,
          "object": true,
        },
      },
      Object {
        "enforceForRenamedProperties": false,
      },
    ],
    "prefer-named-capture-group": "off",
    "prefer-numeric-literals": "error",
    "prefer-object-spread": "off",
    "prefer-promise-reject-errors": Array [
      "error",
      Object {
        "allowEmptyReject": true,
      },
    ],
    "prefer-reflect": "off",
    "prefer-rest-params": "error",
    "prefer-spread": "error",
    "prefer-template": "error",
    "quote-props": Array [
      "off",
      "as-needed",
      Object {
        "keywords": false,
        "numbers": false,
        "unnecessary": true,
      },
    ],
    "quotes": Array [
      0,
      "single",
      Object {
        "avoidEscape": true,
      },
    ],
    "radix": "error",
    "react/boolean-prop-naming": Array [
      "off",
      Object {
        "message": "",
        "propTypeNames": Array [
          "bool",
          "mutuallyExclusiveTrueProps",
        ],
        "rule": "^(is|has)[A-Z]([A-Za-z0-9]?)+",
      },
    ],
    "react/button-has-type": Array [
      "error",
      Object {
        "button": true,
        "reset": false,
        "submit": true,
      },
    ],
    "react/default-props-match-prop-types": Array [
      "error",
      Object {
        "allowRequiredDefaults": false,
      },
    ],
    "react/destructuring-assignment": Array [
      "error",
      "always",
    ],
    "react/display-name": Array [
      "off",
      Object {
        "ignoreTranspilerName": false,
      },
    ],
    "react/forbid-component-props": Array [
      "off",
      Object {
        "forbid": Array [],
      },
    ],
    "react/forbid-dom-props": Array [
      "off",
      Object {
        "forbid": Array [],
      },
    ],
    "react/forbid-elements": Array [
      "off",
      Object {
        "forbid": Array [],
      },
    ],
    "react/forbid-foreign-prop-types": Array [
      "warn",
      Object {
        "allowInPropTypes": true,
      },
    ],
    "react/forbid-prop-types": Array [
      2,
      Object {
        "forbid": Array [
          "any",
        ],
      },
    ],
    "react/jsx-boolean-value": Array [
      "error",
      "never",
      Object {
        "always": Array [],
      },
    ],
    "react/jsx-child-element-spacing": "off",
    "react/jsx-closing-bracket-location": Array [
      "off",
      "line-aligned",
    ],
    "react/jsx-closing-tag-location": "off",
    "react/jsx-curly-brace-presence": Array [
      "error",
      Object {
        "children": "never",
        "props": "never",
      },
    ],
    "react/jsx-curly-newline": "off",
    "react/jsx-curly-spacing": Array [
      "off",
      "never",
      Object {
        "allowMultiline": true,
      },
    ],
    "react/jsx-equals-spacing": Array [
      "off",
      "never",
    ],
    "react/jsx-filename-extension": Array [
      2,
      Object {
        "extensions": Array [
          ".js",
        ],
      },
    ],
    "react/jsx-first-prop-new-line": Array [
      "off",
      "multiline-multiprop",
    ],
    "react/jsx-fragments": Array [
      "off",
      "syntax",
    ],
    "react/jsx-handler-names": Array [
      "off",
      Object {
        "eventHandlerPrefix": "handle",
        "eventHandlerPropPrefix": "on",
      },
    ],
    "react/jsx-indent": Array [
      "off",
      2,
    ],
    "react/jsx-indent-props": Array [
      "off",
      2,
    ],
    "react/jsx-key": "off",
    "react/jsx-max-depth": "off",
    "react/jsx-max-props-per-line": Array [
      "off",
      Object {
        "maximum": 1,
        "when": "multiline",
      },
    ],
    "react/jsx-no-bind": Array [
      0,
      Object {
        "allowArrowFunctions": true,
        "allowBind": false,
        "allowFunctions": false,
        "ignoreDOMComponents": true,
        "ignoreRefs": true,
      },
    ],
    "react/jsx-no-comment-textnodes": "error",
    "react/jsx-no-duplicate-props": Array [
      "error",
      Object {
        "ignoreCase": true,
      },
    ],
    "react/jsx-no-literals": Array [
      "off",
      Object {
        "noStrings": true,
      },
    ],
    "react/jsx-no-target-blank": Array [
      "error",
      Object {
        "enforceDynamicLinks": "always",
      },
    ],
    "react/jsx-no-undef": "error",
    "react/jsx-one-expression-per-line": Array [
      "off",
      Object {
        "allow": "single-child",
      },
    ],
    "react/jsx-pascal-case": Array [
      "error",
      Object {
        "allowAllCaps": true,
        "ignore": Array [],
      },
    ],
    "react/jsx-props-no-multi-spaces": "off",
    "react/jsx-sort-default-props": Array [
      "off",
      Object {
        "ignoreCase": true,
      },
    ],
    "react/jsx-sort-prop-types": "off",
    "react/jsx-sort-props": Array [
      "off",
      Object {
        "callbacksLast": false,
        "ignoreCase": true,
        "noSortAlphabetically": false,
        "reservedFirst": true,
        "shorthandFirst": false,
        "shorthandLast": false,
      },
    ],
    "react/jsx-space-before-closing": Array [
      "off",
      "always",
    ],
    "react/jsx-tag-spacing": Array [
      "off",
      Object {
        "afterOpening": "never",
        "beforeClosing": "never",
        "beforeSelfClosing": "always",
        "closingSlash": "never",
      },
    ],
    "react/jsx-uses-react": Array [
      "error",
    ],
    "react/jsx-uses-vars": "error",
    "react/jsx-wrap-multilines": Array [
      "off",
      Object {
        "arrow": "parens-new-line",
        "assignment": "parens-new-line",
        "condition": "parens-new-line",
        "declaration": "parens-new-line",
        "logical": "parens-new-line",
        "prop": "parens-new-line",
        "return": "parens-new-line",
      },
    ],
    "react/no-access-state-in-setstate": "error",
    "react/no-array-index-key": "error",
    "react/no-children-prop": "error",
    "react/no-danger": "warn",
    "react/no-danger-with-children": "error",
    "react/no-deprecated": Array [
      "error",
    ],
    "react/no-did-mount-set-state": "off",
    "react/no-did-update-set-state": "error",
    "react/no-direct-mutation-state": "off",
    "react/no-find-dom-node": "error",
    "react/no-is-mounted": "error",
    "react/no-multi-comp": "off",
    "react/no-redundant-should-component-update": "error",
    "react/no-render-return-value": "error",
    "react/no-set-state": "off",
    "react/no-string-refs": "error",
    "react/no-this-in-sfc": "error",
    "react/no-typos": "error",
    "react/no-unescaped-entities": "error",
    "react/no-unknown-property": "error",
    "react/no-unsafe": "off",
    "react/no-unused-prop-types": Array [
      "error",
      Object {
        "customValidators": Array [],
        "skipShapeProps": true,
      },
    ],
    "react/no-unused-state": "error",
    "react/no-will-update-set-state": "error",
    "react/prefer-es6-class": Array [
      "error",
      "always",
    ],
    "react/prefer-stateless-function": Array [
      "error",
      Object {
        "ignorePureComponents": true,
      },
    ],
    "react/prop-types": Array [
      "error",
      Object {
        "customValidators": Array [],
        "ignore": Array [],
        "skipUndeclared": false,
      },
    ],
    "react/react-in-jsx-scope": "error",
    "react/require-default-props": Array [
      "error",
      Object {
        "forbidDefaultForRequired": true,
      },
    ],
    "react/require-optimization": Array [
      "off",
      Object {
        "allowDecorators": Array [],
      },
    ],
    "react/require-render-return": "error",
    "react/self-closing-comp": "error",
    "react/sort-comp": Array [
      "error",
      Object {
        "groups": Object {
          "lifecycle": Array [
            "displayName",
            "propTypes",
            "contextTypes",
            "childContextTypes",
            "mixins",
            "statics",
            "defaultProps",
            "constructor",
            "getDefaultProps",
            "getInitialState",
            "state",
            "getChildContext",
            "componentWillMount",
            "componentDidMount",
            "componentWillReceiveProps",
            "shouldComponentUpdate",
            "componentWillUpdate",
            "componentDidUpdate",
            "componentWillUnmount",
          ],
          "rendering": Array [
            "/^render.+$/",
            "render",
          ],
        },
        "order": Array [
          "static-methods",
          "instance-variables",
          "lifecycle",
          "/^on.+$/",
          "getters",
          "setters",
          "/^(get|set)(?!(InitialState$|DefaultProps$|ChildContext$)).+$/",
          "instance-methods",
          "everything-else",
          "rendering",
        ],
      },
    ],
    "react/sort-prop-types": Array [
      "off",
      Object {
        "callbacksLast": false,
        "ignoreCase": true,
        "requiredFirst": false,
        "sortShapeProp": true,
      },
    ],
    "react/style-prop-object": "error",
    "react/void-dom-elements-no-children": "error",
    "require-atomic-updates": "off",
    "require-await": "off",
    "require-jsdoc": "off",
    "require-unicode-regexp": "off",
    "require-yield": "error",
    "rest-spread-spacing": Array [
      "off",
      "never",
    ],
    "semi": Array [
      "off",
      "always",
    ],
    "semi-spacing": Array [
      "off",
      Object {
        "after": true,
        "before": false,
      },
    ],
    "semi-style": Array [
      "off",
      "last",
    ],
    "sort-imports": Array [
      "off",
      Object {
        "ignoreCase": false,
        "ignoreDeclarationSort": false,
        "ignoreMemberSort": false,
        "memberSyntaxSortOrder": Array [
          "none",
          "all",
          "multiple",
          "single",
        ],
      },
    ],
    "sort-keys": Array [
      "off",
      "asc",
      Object {
        "caseSensitive": false,
        "natural": true,
      },
    ],
    "sort-vars": "off",
    "space-after-function-name": "off",
    "space-after-keywords": "off",
    "space-before-blocks": "off",
    "space-before-function-paren": Array [
      "off",
      Object {
        "anonymous": "always",
        "asyncArrow": "always",
        "named": "never",
      },
    ],
    "space-before-function-parentheses": "off",
    "space-before-keywords": "off",
    "space-in-brackets": "off",
    "space-in-parens": Array [
      "off",
      "never",
    ],
    "space-infix-ops": "off",
    "space-return-throw-case": "off",
    "space-unary-ops": Array [
      "off",
      Object {
        "nonwords": false,
        "overrides": Object {},
        "words": true,
      },
    ],
    "space-unary-word-ops": "off",
    "spaced-comment": Array [
      "error",
      "always",
      Object {
        "block": Object {
          "balanced": true,
          "exceptions": Array [
            "-",
            "+",
          ],
          "markers": Array [
            "=",
            "!",
          ],
        },
        "line": Object {
          "exceptions": Array [
            "-",
            "+",
          ],
          "markers": Array [
            "=",
            "!",
          ],
        },
      },
    ],
    "strict": Array [
      "error",
      "never",
    ],
    "switch-colon-spacing": Array [
      "off",
      Object {
        "after": true,
        "before": false,
      },
    ],
    "symbol-description": "error",
    "template-curly-spacing": "off",
    "template-tag-spacing": Array [
      "off",
      "never",
    ],
    "unicode-bom": Array [
      "off",
      "never",
    ],
    "use-isnan": "error",
    "valid-jsdoc": "off",
    "valid-typeof": Array [
      "error",
      Object {
        "requireStringLiterals": true,
      },
    ],
    "vars-on-top": "error",
    "wrap-iife": Array [
      "off",
      "outside",
      Object {
        "functionPrototypeMethods": false,
      },
    ],
    "wrap-regex": "off",
    "yield-star-spacing": Array [
      "off",
      "after",
    ],
    "yoda": "error",
  },
  "settings": Object {
    "import/core-modules": Array [],
    "import/extensions": Array [
      ".js",
      ".mjs",
      ".jsx",
    ],
    "import/ignore": Array [
      "node_modules",
      "\\\\.(coffee|scss|css|less|hbs|svg|json)$",
    ],
    "import/resolver": Object {
      "node": Object {
        "extensions": Array [
          ".js",
          ".jsx",
          ".json",
        ],
      },
    },
    "propWrapperFunctions": Array [
      "forbidExtraProps",
      "exact",
      "Object.freeze",
    ],
    "react": Object {
      "pragma": "React",
      "version": "16.0",
    },
  },
}
`;
